
> dcapital-pro-crm@0.0.0 build
> vite build

[36mvite v7.3.1 [32mbuilding client environment for production...[36m[39m
transforming...
[32mΓ£ô[39m 35 modules transformed.
node.exe : 
[31mΓ£ù[39m Build 
failed in 2.04s
At C:\Program Files\n
odejs\npm.ps1:29 
char:3
+   & $NODE_EXE 
$NPM_CLI_JS $args
+   ~~~~~~~~~~~~~~~~~
~~~~~~~~~~~~
    + CategoryInfo   
           : NotSpe  
  cified: ([31mΓ£   
 ù[39m Build fai    
led in 2.04s:Str    
ing) [], RemoteE    
xception
    + FullyQualified 
   ErrorId : Native  
  CommandError
 
[31merror during 
build:
[31m[vite]: Rollup 
failed to resolve 
import 
"jspdf-autotable" 
from "C:/Users/Princ/
Downloads/DCAPITAL 
PRO CRM/src/pages/Rep
orts.tsx".
This is most likely 
unintended because 
it can break your 
application at 
runtime.
If you do want to 
externalize this 
module explicitly 
add it to
`build.rollupOptions.
external`[31m
    at viteLog (file:
///C:/Users/Princ/Dow
nloads/DCAPITAL%20PRO
%20CRM/node_modules/v
ite/dist/node/chunks/
config.js:33635:57)
    at file:///C:/Use
rs/Princ/Downloads/DC
APITAL%20PRO%20CRM/no
de_modules/vite/dist/
node/chunks/config.js
:33669:73
    at onwarn (file:/
//C:/Users/Princ/Down
loads/DCAPITAL%20PRO%
20CRM/node_modules/@v
itejs/plugin-react/di
st/index.js:76:7)
    at file:///C:/Use
rs/Princ/Downloads/DC
APITAL%20PRO%20CRM/no
de_modules/vite/dist/
node/chunks/config.js
:33669:28
    at onRollupLog (f
ile:///C:/Users/Princ
/Downloads/DCAPITAL%2
0PRO%20CRM/node_modul
es/vite/dist/node/chu
nks/config.js:33664:6
3)
    at onLog (file://
/C:/Users/Princ/Downl
oads/DCAPITAL%20PRO%2
0CRM/node_modules/vit
e/dist/node/chunks/co
nfig.js:33467:4)
    at file:///C:/Use
rs/Princ/Downloads/DC
APITAL%20PRO%20CRM/no
de_modules/rollup/dis
t/es/shared/node-entr
y.js:20958:32
    at Object.logger 
[as onLog] (file:///C
:/Users/Princ/Downloa
ds/DCAPITAL%20PRO%20C
RM/node_modules/rollu
p/dist/es/shared/node
-entry.js:22945:9)
    at ModuleLoader.h
andleInvalidResolvedI
d (file:///C:/Users/P
rinc/Downloads/DCAPIT
AL%20PRO%20CRM/node_m
odules/rollup/dist/es
/shared/node-entry.js
:21689:26)
    at file:///C:/Use
rs/Princ/Downloads/DC
APITAL%20PRO%20CRM/no
de_modules/rollup/dis
t/es/shared/node-entr
y.js:21647:26[39m
